[cu.edu.eg/Home.html]
[backblue.gif]
[fade.gif]
[index.html]
[cu.edu.eg/templates/ts_barrister/css/bootstrap.min.css]
[cu.edu.eg/templates/ts_barrister/css/k2.css]
[cu.edu.eg/templates/ts_barrister/css/bootstrap-responsive.min.css]
[cu.edu.eg/plugins/system/helix/css/font-awesome.css]
[cu.edu.eg/plugins/system/helix/css/mobile-menu.css]
[cu.edu.eg/templates/ts_barrister/css/animate.css]
[cu.edu.eg/templates/ts_barrister/css/owl.carousel.css]
[cu.edu.eg/templates/ts_barrister/css/template.css]
[cu.edu.eg/templates/ts_barrister/css/presets/preset1.css]
[cu.edu.eg/templates/ts_barrister/roksprocket/layouts/features/themes/showcase/showcase.css]
[cu.edu.eg/media/com_acymailing/css/module_defaultc8c0c8c0.css]
[cu.edu.eg/templates/ts_barrister/roksprocket/layouts/mosaic/themes/default/mosaic.css]
[cu.edu.eg/templates/ts_barrister/roksprocket/layouts/lists/themes/default/lists.css]
[cu.edu.eg/media/com_uniterevolution2/assets/rs-plugin/css/settings.css]
[cu.edu.eg/media/com_uniterevolution2/assets/rs-plugin/css/dynamic-captions.css]
[cu.edu.eg/media/com_uniterevolution2/assets/rs-plugin/css/static-captions.css]
[cu.edu.eg/modules/mod_gtranslate/tmpl/lang/16a.png]
[cu.edu.eg/modules/mod_gtranslate/tmpl/lang/16.png]
[cu.edu.eg/modules/mod_gtranslate/tmpl/lang/alt_flagsa.png]
[cu.edu.eg/modules/mod_gtranslate/tmpl/lang/alt_flags.png]
[cu.edu.eg/js/mootools-core.js]
[cu.edu.eg/js/core.js]
[cu.edu.eg/js/jquery.min.js]
[cu.edu.eg/js/jquery-noconflict.js]
[cu.edu.eg/js/jquery-migrate.min.js]
[cu.edu.eg/js/k27acb.js]
[cu.edu.eg/js/bootstrap.min.js]
[cu.edu.eg/js/modernizr-2.6.2.min.js]
[cu.edu.eg/js/helix.core.js]
[cu.edu.eg/js/menu.js]
[cu.edu.eg/js/custom.js]
[cu.edu.eg/js/smoothscroll.js]
[cu.edu.eg/js/owl.carousel.js]
[cu.edu.eg/js/mootools-mobile.js]
[cu.edu.eg/js/rokmediaqueries.js]
[cu.edu.eg/js/roksprocket.js]
[cu.edu.eg/js/moofx.js]
[cu.edu.eg/js/features.js]
[cu.edu.eg/js/showcase.js]
[cu.edu.eg/js/acymailing_module6ed46ed4.js]
[cu.edu.eg/js/roksprocket.request.js]
[cu.edu.eg/js/mosaic.js]
[cu.edu.eg/js/mootools-more.js]
[cu.edu.eg/js/lists.js]
[cu.edu.eg/js/jquery.themepunch.tools.min.js]
[cu.edu.eg/js/fitvids.js]
[cu.edu.eg/js/jquery.themepunch.revolution.min.js]
[cu.edu.eg/Agenda.html]
[cu.edu.eg/Links.html]
[cu.edu.eg/Contacts.html]
[cu.edu.eg/email.html]
[cu.edu.eg/Search.html]
[cu.edu.eg/rssNews/index.html]
[cu.edu.eg/ar/Home.html]
[cu.edu.eg/Faculties.html]
[cu.edu.eg/Academic.html]
[cu.edu.eg/UnderGraduate_Programs.html]
[cu.edu.eg/Graduate_Programs.html]
[cu.edu.eg/E_Services.html]
[cu.edu.eg/ar/Faculty-News-102.html]
[cu.edu.eg/QAU.html]
[cu.edu.eg/Research_Centers.html]
[cu.edu.eg/PG_Bylaws.html]
[cu.edu.eg/R_projects.html]
[cu.edu.eg/Publications.html]
[cu.edu.eg/Libraries.html]
[cu.edu.eg/Research_Plans.html]
[cu.edu.eg/Previous_Vice_Presidents.html]
[cu.edu.eg/theses.html]
[cu.edu.eg/Research_Awards.html]
[cu.edu.eg/About_Community_Service.html]
[cu.edu.eg/Centers_of_Excellence.html]
[cu.edu.eg/Units_Affairs.html]
[cu.edu.eg/Enviromental_Projects.html]
[cu.edu.eg/Sector_Directory_Service.html]
[cu.edu.eg/Sector_Achievements.html]
[cu.edu.eg/Sector_Memorial.html]
[cu.edu.eg/Sector_Contacts.html]
[cu.edu.eg/Residences.html]
[cu.edu.eg/Student_services.html]
[cu.edu.eg/International_student_services.html]
[cu.edu.eg/Activities.html]
[cu.edu.eg/HealthCare.html]
[cu.edu.eg/Safety.html]
[cu.edu.eg/Scholarships.html]
[cu.edu.eg/Students.html]
[cu.edu.eg/Facilities_and_Operations.html]
[cu.edu.eg/CU_Support_Grants.html]
[cu.edu.eg/HR.html]
[cu.edu.eg/Medical_Services.html]
[cu.edu.eg/Staff_Clubs.html]
[cu.edu.eg/Staff_Contacts.html]
[cu.edu.eg/Staff.html]
[cu.edu.eg/FAQ.html]
[cu.edu.eg/Visiting_the_university.html]
[cu.edu.eg/Shopping.html]
[cu.edu.eg/Photos_Videos_Albums.html]
[cu.edu.eg/Visitors_Avaliable_Services.html]
[cu.edu.eg/CU_Jobs_Vacancies.html]
[cu.edu.eg/CU_Certificates_Verification.html]
[cu.edu.eg/Cairo_University_Leaders.html]
[cu.edu.eg/Quick_Facts.html]
[cu.edu.eg/Governance.html]
[cu.edu.eg/Policies.html]
[cu.edu.eg/Prizes.html]
[cu.edu.eg/University_Site_Seen.html]
[cu.edu.eg/History.html]
[cu.edu.eg/ar/images/demo/slideshow/bg8_45.jpg]
[cu.edu.eg/ar/images/demo/slideshow/bg1.jpg]
[cu.edu.eg/ar/images/demo/slideshow/img1.png]
[cu.edu.eg/ar/images/demo/slideshow/bg4.jpg]
[cu.edu.eg/Cairo-University-News-13348.html]
[cu.edu.eg/ar/news/images/iEwyBLwiUW7TGFg-mini.jpg]
[cu.edu.eg/Cairo-University-News-12425.html]
[cu.edu.eg/ar/news/images/kmsPGUm2lr5378P-mini.jpg]
[cu.edu.eg/Cairo-University-News-12424.html]
[cu.edu.eg/ar/news/images/Lt3poF92xB5HgDB-mini.png]
[cu.edu.eg/Cairo-University-News-12423.html]
[cu.edu.eg/ar/news/images/cQiC9u06I97NZ7C-mini.png]
[cu.edu.eg/Cairo-University-News-12422.html]
[cu.edu.eg/ar/news/images/kra5j4NjCn1U3nS-mini.png]
[cu.edu.eg/Cairo-University-News-12421.html]
[cu.edu.eg/ar/news/images/AkzhQUsjLaNF19D-mini.jpg]
[cu.edu.eg/images/demo/icon-campus.png]
[cu.edu.eg/images/demo/icon-scholarship.png]
[cu.edu.eg/All_About_CU.html]
[cu.edu.eg/Ebook-en/index.html]
[cu.edu.eg/Cairo-University-Events-300.html]
[cu.edu.eg/ar/events/uploaded_files/cupic.jpg]
[cu.edu.eg/Cairo-University-Events-270.html]
[cu.edu.eg/ar/events/uploaded_files/17Nt8V16zOgEk7K.jpg]
[cu.edu.eg/Cairo-University-Events-162.html]
[cu.edu.eg/ar/events/uploaded_files/schoalr-jps.jpg]
[cu.edu.eg/Cairo-University-News-12420.html]
[cu.edu.eg/ar/news/images/XD1que400AKOMMY.png]
[cu.edu.eg/Cairo-University-News-12419.html]
[cu.edu.eg/ar/news/images/H7cWontO3H3p3u5.png]
[cu.edu.eg/Cairo-University-News-12417.html]
[cu.edu.eg/ar/news/images/JX5rpqPq00g7Py2.jpg]
[cu.edu.eg/ar/images/demo/video-min.jpg]
[cu.edu.eg/images/demo/1-20-2016 12-43-26 PM.jpg]
[cu.edu.eg/ar/images/demo/ProfGamal.png]
[cu.edu.eg/userfiles/Prof_Attar.png]
[cu.edu.eg/ar/images/demo/drsami.jpg]
[cu.edu.eg/userfiles/Mohamed Sami CV English.pdf]
[cu.edu.eg/images/demo/students-icon.png]
[cu.edu.eg/images/demo/staffno.png]
[cu.edu.eg/images/demo/int-students-icon.png]
[cu.edu.eg/images/demo/int.png]
[cu.edu.eg/images/demo/clients/testimonial1.png]
[cu.edu.eg/images/demo/clients/testimonial3.png]
[cu.edu.eg/images/demo/clients/testimonial2.png]
[cu.edu.eg/ar/images/demo/clients/client3.jpg]
[cu.edu.eg/ar/images/demo/clients/client2.jpg]
[cu.edu.eg/page68d8.html]
[cu.edu.eg/ar/images/demo/clients/client4.jpg]
[cu.edu.eg/ar/images/demo/clients/client5.jpg]
[cu.edu.eg/ar/images/demo/clients/ekb-client.jpg]
[cu.edu.eg/Books.html]
[cu.edu.eg/Journal.html]
[cu.edu.eg/e-periodicals.html]
[cu.edu.eg/CU_Events_Arch.html]
[cu.edu.eg/CU_News_Arch.html]
[cu.edu.eg/Activity_Records.html]
[cu.edu.eg/CU_Presidents.html]
[cu.edu.eg/Notable_Graduates.html]
[cu.edu.eg/Event_Organizers.html]
[cu.edu.eg/Statistics.html]
[cu.edu.eg/CU_within_ME_Universities.html]
[cu.edu.eg/Ceremonies.html]
[cu.edu.eg/Home.html]
[cu.edu.eg/templates/ts_barrister/favicon.html]
[cu.edu.eg/Faculty-News-104.html]
[cu.edu.eg/components/com_k2/images/fugue/feed.png]
[cu.edu.eg/components/com_k2/images/system/loading.gif]
[cu.edu.eg/components/com_k2/images/system/transparent_star.gif]
[cu.edu.eg/components/com_k2/images/system/featuredItem.png]
[cu.edu.eg/components/com_k2/images/system/font_decrease.gif]
[cu.edu.eg/components/com_k2/images/system/font_increase.gif]
[cu.edu.eg/components/com_k2/images/system/videoplayer-bg.gif]
[cu.edu.eg/components/com_k2/images/system/stripes.png]
[cu.edu.eg/components/com_k2/images/system/searchLoader.gif]
[cu.edu.eg/templates/ts_barrister/images/blog-search.png]
[cu.edu.eg/components/com_k2/images/fugue/globe.png]
[cu.edu.eg/components/com_k2/images/fugue/mail.png]
[cu.edu.eg/templates/ts_barrister/css/k2.css]
[cu.edu.eg/templates/ts_barrister/css/bootstrap.min.css]
[cu.edu.eg/templates/ts_barrister/css/bootstrap-responsive.min.css]
[cu.edu.eg/plugins/system/helix/fonts/fontawesome/fontawesome-webfontf77bf77b.eot]
[cu.edu.eg/plugins/system/helix/fonts/fontawesome/fontawesome-webfontd41dd41d.eot]
[cu.edu.eg/plugins/system/helix/fonts/fontawesome/fontawesome-webfontf77bf77b.woff]
[cu.edu.eg/plugins/system/helix/fonts/fontawesome/fontawesome-webfontf77bf77b.ttf]
[cu.edu.eg/plugins/system/helix/css/font-awesome.css]
[cu.edu.eg/plugins/system/helix/css/mobile-menu.css]
[cu.edu.eg/templates/ts_barrister/css/animate.css]
[cu.edu.eg/templates/ts_barrister/css/owl.carousel.css]
[cu.edu.eg/templates/ts_barrister/images/icon-folder2.png]
[cu.edu.eg/templates/ts_barrister/images/service-parallax.jpg]
[cu.edu.eg/templates/ts_barrister/images/p1.png]
[cu.edu.eg/templates/ts_barrister/images/clients-parallax.jpg]
[cu.edu.eg/templates/ts_barrister/images/helix-logo-white.png]
[cu.edu.eg/templates/ts_barrister/images/form-shadow.png]
[cu.edu.eg/templates/ts_barrister/css/template.css]
[cu.edu.eg/templates/ts_barrister/images/presets/preset1/logo.png]
[cu.edu.eg/templates/ts_barrister/css/presets/preset1.css]
[cu.edu.eg/templates/ts_barrister/roksprocket/layouts/features/themes/showcase/showcase.css]
[cu.edu.eg/media/com_acymailing/images/refresh.png]
[cu.edu.eg/media/com_acymailing/css/module_defaultc8c0c8c0.css]
[cu.edu.eg/templates/ts_barrister/roksprocket/layouts/mosaic/loader.gif]
[cu.edu.eg/templates/ts_barrister/roksprocket/layouts/mosaic/themes/default/mosaic.css]
[cu.edu.eg/templates/ts_barrister/roksprocket/layouts/lists/themes/default/lists.css]
[cu.edu.eg/media/com_uniterevolution2/assets/rs-plugin/font/revicons90c690c6.eot]
[cu.edu.eg/media/com_uniterevolution2/assets/rs-plugin/font/revicons90c690c6.woff]
[cu.edu.eg/media/com_uniterevolution2/assets/rs-plugin/font/revicons90c690c6.ttf]
[cu.edu.eg/media/com_uniterevolution2/assets/rs-plugin/assets/gridtile.png]
[cu.edu.eg/media/com_uniterevolution2/assets/rs-plugin/assets/gridtile_white.png]
[cu.edu.eg/media/com_uniterevolution2/assets/rs-plugin/assets/gridtile_3x3.png]
[cu.edu.eg/media/com_uniterevolution2/assets/rs-plugin/assets/gridtile_3x3_white.png]
[cu.edu.eg/media/com_uniterevolution2/assets/rs-plugin/assets/shadow1.png]
[cu.edu.eg/media/com_uniterevolution2/assets/rs-plugin/assets/shadow2.png]
[cu.edu.eg/media/com_uniterevolution2/assets/rs-plugin/assets/shadow3.png]
[cu.edu.eg/media/com_uniterevolution2/assets/rs-plugin/images/gradient/g30.png]
[cu.edu.eg/media/com_uniterevolution2/assets/rs-plugin/images/gradient/g40.png]
[cu.edu.eg/media/com_uniterevolution2/assets/rs-plugin/assets/boxed_bgtile.png]
[cu.edu.eg/media/com_uniterevolution2/assets/rs-plugin/assets/navigdots_bgtile.png]
[cu.edu.eg/media/com_uniterevolution2/assets/rs-plugin/assets/bullet.png]
[cu.edu.eg/media/com_uniterevolution2/assets/rs-plugin/assets/bullets.png]
[cu.edu.eg/media/com_uniterevolution2/assets/rs-plugin/assets/bullets2.png]
[cu.edu.eg/media/com_uniterevolution2/assets/rs-plugin/assets/bullet_boxed.png]
[cu.edu.eg/media/com_uniterevolution2/assets/rs-plugin/assets/navigdots.png]
[cu.edu.eg/media/com_uniterevolution2/assets/rs-plugin/assets/large_left.png]
[cu.edu.eg/media/com_uniterevolution2/assets/rs-plugin/assets/large_right.png]
[cu.edu.eg/media/com_uniterevolution2/assets/rs-plugin/assets/small_left.png]
[cu.edu.eg/media/com_uniterevolution2/assets/rs-plugin/assets/small_right.png]
[cu.edu.eg/media/com_uniterevolution2/assets/rs-plugin/assets/arrow_left.png]
[cu.edu.eg/media/com_uniterevolution2/assets/rs-plugin/assets/arrow_right.png]
[cu.edu.eg/media/com_uniterevolution2/assets/rs-plugin/assets/small_left_boxed.png]
[cu.edu.eg/media/com_uniterevolution2/assets/rs-plugin/assets/small_right_boxed.png]
[cu.edu.eg/media/com_uniterevolution2/assets/rs-plugin/assets/arrowleft.png]
[cu.edu.eg/media/com_uniterevolution2/assets/rs-plugin/assets/arrowright.png]
[cu.edu.eg/media/com_uniterevolution2/assets/rs-plugin/assets/arrow_left2.png]
[cu.edu.eg/media/com_uniterevolution2/assets/rs-plugin/assets/arrow_right2.png]
[cu.edu.eg/media/com_uniterevolution2/assets/rs-plugin/assets/coloredbg.png]
[cu.edu.eg/media/com_uniterevolution2/assets/rs-plugin/assets/loader.gif]
[cu.edu.eg/media/com_uniterevolution2/assets/rs-plugin/css/settings.css]
[cu.edu.eg/media/com_uniterevolution2/assets/rs-plugin/css/dynamic-captions.css]
[cu.edu.eg/media/com_uniterevolution2/assets/rs-plugin/css/static-captions.css]
[www.googletagmanager.com/gtm5445.html]
[cu.edu.eg/ar/Agenda.html]
[cu.edu.eg/page036e.html]
[cu.edu.eg/Agenda.html]
[cu.edu.eg/pagec040.html]
[cu.edu.eg/ar/Links.html]
[cu.edu.eg/page19d1.html]
[cu.edu.eg/pagee4a7.html]
[cu.edu.eg/paged0b8.html]
[cu.edu.eg/index.html]
[cu.edu.eg/Links.html]
[cu.edu.eg/page8b2b.html]
[cu.edu.eg/Contacts.html]
[cu.edu.eg/ar/Contacts.html]
[cu.edu.eg/email.html]
[cu.edu.eg/ar/email.html]
[cu.edu.eg/Search.html]
[cu.edu.eg/ar/Search.html]
[cu.edu.eg/ar/templates/ts_barrister/css/k2.css]
[cu.edu.eg/ar/templates/ts_barrister/css/bootstrap.min.css]
[cu.edu.eg/ar/templates/ts_barrister/css/bootstrap-responsive.min.css]
[cu.edu.eg/ar/plugins/system/helix/css/font-awesome.css]
[cu.edu.eg/ar/plugins/system/helix/css/mobile-menu.css]
[cu.edu.eg/ar/templates/ts_barrister/css/animate.css]
[cu.edu.eg/ar/templates/ts_barrister/css/owl.carousel.css]
[cu.edu.eg/ar/templates/ts_barrister/css/template.css]
[cu.edu.eg/ar/templates/ts_barrister/css/presets/preset1.css]
[cu.edu.eg/ar/modules/mod_sp_tweet/assets/css/mod_sp_tweet.list.css]
[cu.edu.eg/ar/templates/ts_barrister/roksprocket/layouts/features/themes/showcase/showcase.css]
[cu.edu.eg/ar/media/com_acymailing/css/module_defaultc8c0c8c0.css]
[cu.edu.eg/ar/templates/ts_barrister/roksprocket/layouts/mosaic/themes/default/mosaic.css]
[cu.edu.eg/ar/templates/ts_barrister/roksprocket/layouts/lists/themes/default/lists.css]
[cu.edu.eg/ar/media/com_uniterevolution2/assets/rs-plugin/css/settings.css]
[cu.edu.eg/ar/media/com_uniterevolution2/assets/rs-plugin/css/dynamic-captions.css]
[cu.edu.eg/ar/media/com_uniterevolution2/assets/rs-plugin/css/static-captions.css]
[cu.edu.eg/ar/js/core.js]
[cu.edu.eg/ar/js/mootools-core.js]
[cu.edu.eg/ar/js/jquery-noconflict.js]
[cu.edu.eg/ar/js/jquery-migrate.min.js]
[cu.edu.eg/ar/js/k27acb.js]
[cu.edu.eg/ar/js/jquery.min.js]
[cu.edu.eg/ar/js/bootstrap.min.js]
[cu.edu.eg/ar/js/modernizr-2.6.2.min.js]
[cu.edu.eg/ar/js/helix.core.js]
[cu.edu.eg/ar/js/menu.js]
[cu.edu.eg/ar/js/custom.js]
[cu.edu.eg/ar/js/smoothscroll.js]
[cu.edu.eg/ar/js/owl.carousel.js]
[cu.edu.eg/ar/js/mootools-mobile.js]
[cu.edu.eg/ar/js/rokmediaqueries.js]
[cu.edu.eg/ar/js/roksprocket.js]
[cu.edu.eg/ar/js/moofx.js]
[cu.edu.eg/ar/js/features.js]
[cu.edu.eg/ar/js/showcase.js]
[cu.edu.eg/ar/js/acymailing_module6ed46ed4.js]
[cu.edu.eg/ar/js/roksprocket.request.js]
[cu.edu.eg/ar/js/mosaic.js]
[cu.edu.eg/ar/js/lists.js]
[cu.edu.eg/ar/js/mootools-more.js]
[cu.edu.eg/ar/js/jquery.themepunch.tools.min.js]
[cu.edu.eg/ar/js/jquery.themepunch.revolution.min.js]
[cu.edu.eg/ar/js/fitvids.js]
[cu.edu.eg/ar/rssNews/index.html]
[cu.edu.eg/ar/Faculties.html]
[cu.edu.eg/ar/Academic.html]
[cu.edu.eg/ar/UnderGraduate_Programs.html]
[cu.edu.eg/ar/Graduate_Programs.html]
[cu.edu.eg/ar/E_Services.html]
[cu.edu.eg/ar/CU_Decisions.html]
[cu.edu.eg/ar/QAU.html]
[cu.edu.eg/ar/Research_Centers.html]
[cu.edu.eg/ar/PG_Bylaws.html]
[cu.edu.eg/ar/R_projects.html]
[cu.edu.eg/ar/Publications.html]
[cu.edu.eg/ar/Libraries.html]
[cu.edu.eg/ar/Research_Plans.html]
[cu.edu.eg/ar/Previous_Vice_Presidents.html]
[cu.edu.eg/ar/theses.html]
[cu.edu.eg/ar/Research_Awards.html]
[cu.edu.eg/ar/About_Community_Service.html]
[cu.edu.eg/ar/Centers_of_Excellence.html]
[cu.edu.eg/ar/Units_Affairs.html]
[cu.edu.eg/ar/Enviromental_Projects.html]
[cu.edu.eg/ar/Sector_Directory_Service.html]
[cu.edu.eg/ar/Sector_Achievements.html]
[cu.edu.eg/ar/Sector_Memorial.html]
[cu.edu.eg/ar/Sector_Contacts.html]
[cu.edu.eg/ar/Residences.html]
[cu.edu.eg/ar/Student_services.html]
[cu.edu.eg/ar/International_student_services.html]
[cu.edu.eg/ar/Activities.html]
[cu.edu.eg/ar/HealthCare.html]
[cu.edu.eg/ar/Safety.html]
[cu.edu.eg/ar/Scholarships.html]
[cu.edu.eg/ar/Faculty-News-104.html]
[cu.edu.eg/ar/Students.html]
[cu.edu.eg/ar/Facilities_and_Operations.html]
[cu.edu.eg/ar/CU_Support_Grants.html]
[cu.edu.eg/ar/HR.html]
[cu.edu.eg/ar/Medical_Services.html]
[cu.edu.eg/ar/Staff_Clubs.html]
[cu.edu.eg/ar/Staff_Contacts.html]
[cu.edu.eg/ar/Staff.html]
[cu.edu.eg/ar/FAQ.html]
[cu.edu.eg/ar/Visiting_the_university.html]
[cu.edu.eg/ar/Shopping.html]
[cu.edu.eg/ar/Photos_Videos_Albums.html]
[cu.edu.eg/ar/Visitors_Avaliable_Services.html]
[cu.edu.eg/ar/CU_Jobs_Vacancies.html]
[cu.edu.eg/ar/CU_Certificates_Verification.html]
[cu.edu.eg/ar/Cairo_University_Leaders.html]
[cu.edu.eg/ar/Quick_Facts.html]
[cu.edu.eg/ar/Governance.html]
[cu.edu.eg/ar/Policies.html]
[cu.edu.eg/ar/Prizes.html]
[cu.edu.eg/ar/University_Site_Seen.html]
[cu.edu.eg/ar/History.html]
[cu.edu.eg/ar/E-Learning.html]
[cu.edu.eg/ar/page6540.html]
[cu.edu.eg/ar/CU_Achievements_20/index.html]
[cu.edu.eg/ar/Research_in_CU.html]
[cu.edu.eg/ar/Cairo-University-News-14382.html]
[cu.edu.eg/ar/news/images/VCsyovyCz6f7uhG-mini.png]
[cu.edu.eg/ar/Cairo-University-News-14381.html]
[cu.edu.eg/ar/news/images/WpyB6upb8U9H149-mini.png]
[cu.edu.eg/ar/Cairo-University-News-14380.html]
[cu.edu.eg/ar/news/images/kiUzF5TWag1Pqe6-mini.png]
[cu.edu.eg/ar/Cairo-University-News-14379.html]
[cu.edu.eg/ar/news/images/4jVj9WiEwyBLwiU-mini.png]
[cu.edu.eg/ar/Cairo-University-News-14378.html]
[cu.edu.eg/ar/news/images/HqzUv01L7r9t63g-mini.png]
[cu.edu.eg/ar/Cairo-University-News-14377.html]
[cu.edu.eg/ar/news/images/7bDkIcI9Qb1GLRJ-mini.png]
[cu.edu.eg/ar/CU_News_Arch_Front.html]
[cu.edu.eg/ar/CU-Faculty-Profile-1.html]
[cu.edu.eg/ar/CU-Faculty-Profile-2.html]
[cu.edu.eg/ar/CU-Faculty-Profile-3.html]
[cu.edu.eg/ar/CU-Faculty-Profile-4.html]
[cu.edu.eg/ar/CU-Faculty-Profile-5.html]
[cu.edu.eg/ar/CU-Faculty-Profile-6.html]
[cu.edu.eg/ar/CU-Faculty-Profile-7.html]
[cu.edu.eg/ar/CU-Faculty-Profile-8.html]
[cu.edu.eg/ar/CU-Faculty-Profile-9.html]
[cu.edu.eg/ar/CU-Faculty-Profile-10.html]
[cu.edu.eg/ar/CU-Faculty-Profile-11.html]
[cu.edu.eg/ar/CU-Faculty-Profile-12.html]
[cu.edu.eg/ar/CU-Faculty-Profile-13.html]
[cu.edu.eg/ar/CU-Faculty-Profile-14.html]
[cu.edu.eg/ar/CU-Faculty-Profile-15.html]
[cu.edu.eg/ar/CU-Faculty-Profile-16.html]
[cu.edu.eg/ar/CU-Faculty-Profile-17.html]
[cu.edu.eg/ar/CU-Faculty-Profile-18.html]
[cu.edu.eg/ar/CU-Faculty-Profile-19.html]
[cu.edu.eg/ar/CU-Faculty-Profile-20.html]
[cu.edu.eg/ar/CU-Faculty-Profile-21.html]
[cu.edu.eg/ar/CU-Faculty-Profile-22.html]
[cu.edu.eg/ar/CU-Faculty-Profile-23.html]
[cu.edu.eg/ar/CU-Faculty-Profile-24.html]
[cu.edu.eg/ar/CU-Faculty-Profile-25.html]
[cu.edu.eg/ar/CU-Faculty-Profile-26.html]
[cu.edu.eg/ar/images/demo/icon-campus.png]
[cu.edu.eg/ar/images/demo/icon-scholarship.png]
[cu.edu.eg/ar/Zayed_Branch.html]
[cu.edu.eg/ar/IACUC.html]
[cu.edu.eg/ar/pageaa0a.html]
[cu.edu.eg/ar/Cairo-University-Events-300.html]
[cu.edu.eg/ar/Cairo-University-Events-270.html]
[cu.edu.eg/ar/Cairo-University-Events-162.html]
[cu.edu.eg/ar/Cairo-University-News-14376.html]
[cu.edu.eg/ar/news/images/3gMMU738t2CpzkN.png]
[cu.edu.eg/ar/Cairo-University-News-14375.html]
[cu.edu.eg/ar/news/images/RkSq762TEOzh7S7.png]
[cu.edu.eg/ar/Cairo-University-News-14374.html]
[cu.edu.eg/ar/news/images/U1Yvv1Ye2re9SO3.png]
[cu.edu.eg/ar/images/demo/1-20-2016 12-43-26 PM.jpg]
[cu.edu.eg/userfiles/Dr-Khost_CV_Arabic_New.pdf]
[cu.edu.eg/userfiles/ProfSami.pdf]
[vjs.zencdn.net/ie8/1.1.2/videojs-ie8.min.js]
[cu.edu.eg/video/screen.jpg]
[cu.edu.eg/video/CU_president_speech_alahzahr_conference.mp4]
[cu.edu.eg/ar/images/demo/students-icon.png]
[cu.edu.eg/ar/images/demo/staffno.png]
[cu.edu.eg/ar/images/demo/int-students-icon.png]
[cu.edu.eg/ar/images/demo/int.png]
[cu.edu.eg/ar/images/demo/clients/testimonial1.png]
[cu.edu.eg/ar/page68d8.html]
[cu.edu.eg/ar/Books.html]
[cu.edu.eg/ar/Journal.html]
[cu.edu.eg/ar/e-periodicals.html]
[cu.edu.eg/ar/CU_Events_Arch.html]
[cu.edu.eg/ar/CU_News_Arch.html]
[cu.edu.eg/ar/Activity_Records.html]
[cu.edu.eg/ar/CU_Presidents.html]
[cu.edu.eg/ar/Notable_Graduates.html]
[cu.edu.eg/ar/Event_Organizers.html]
[cu.edu.eg/ar/Statistics.html]
[cu.edu.eg/ar/CU_within_ME_Universities.html]
[cu.edu.eg/ar/Home.html]
[cu.edu.eg/ar/Ceremonies.html]
[cu.edu.eg/Faculties.html]
[cu.edu.eg/page9092.html]
[cu.edu.eg/page7122.html]
[cu.edu.eg/Academic.html]
[cu.edu.eg/page182f.html]
[cu.edu.eg/UnderGraduate_Programs.html]
[cu.edu.eg/pagea521.html]
[cu.edu.eg/page4716.html]
[cu.edu.eg/pagef21f.html]
[cu.edu.eg/Graduate_Programs.html]
[cu.edu.eg/E_Services.html]
[cu.edu.eg/pagef854.html]
[cu.edu.eg/Faculty-News-102.html]
[cu.edu.eg/ar/Faculty-News-Arch-102.html]
[cu.edu.eg/ar/news/images/iAy3a1D9JL3a15H-mini.jpg]
[cu.edu.eg/ar/Cairo-University-Faculty-News-11784.html]
[cu.edu.eg/ar/Cairo-University-Faculty-News-11781.html]
[cu.edu.eg/ar/news/images/uI6XV9c18NWRn67-mini.jpg]
[cu.edu.eg/ar/Cairo-University-Faculty-News-11773.html]
[cu.edu.eg/ar/news/images/42BR8plPdoPZcV3-mini.jpg]
[cu.edu.eg/ar/Cairo-University-Faculty-News-11765.html]
[cu.edu.eg/ar/news/images/G66npX06kVTHMeP-mini.jpg]
[cu.edu.eg/ar/Cairo-University-Faculty-News-11719.html]
[cu.edu.eg/ar/news/images/tRs0QIkh5EY6dyB-mini.jpg]
[cu.edu.eg/ar/Cairo-University-Faculty-News-11433.html]
[cu.edu.eg/ar/news/images/831y77YwN9xZxp8-mini.jpg]
[cu.edu.eg/ar/Cairo-University-Faculty-News-11431.html]
[cu.edu.eg/ar/news/images/Mz4GrI22ZJzUb93-mini.jpg]
[cu.edu.eg/ar/Cairo-University-Faculty-News-11430.html]
[cu.edu.eg/ar/news/images/5YuQ791J2VpV53v-mini.jpg]
[cu.edu.eg/ar/Faculty-News-102.html]
[cu.edu.eg/userfiles/enge.pdf]
[cu.edu.eg/userfiles/MED_EN(1).pdf]
[cu.edu.eg/userfiles/fcie.pdf]
[cu.edu.eg/userfiles/Pharam_EN(1).pdf]
[cu.edu.eg/userfiles/Agr_En(1).pdf]
[cu.edu.eg/userfiles/Sci_En(1).pdf]
[cu.edu.eg/userfiles/Political_Science_EN(1).pdf]
[cu.edu.eg/userfiles/Faculty_Mass_Communication_En(1).pdf]
[cu.edu.eg/userfiles/Archaeology_En(1).pdf]
[cu.edu.eg/userfiles/Art_En.pdf]
[cu.edu.eg/userfiles/Comm_En.pdf]
[cu.edu.eg/userfiles/SEDU_EN.pdf]
[cu.edu.eg/userfiles/NURS_EN.pdf]
[cu.edu.eg/userfiles/lawEn.pdf]
[cu.edu.eg/userfiles/3alag_tabe3y_En.pdf]
[cu.edu.eg/userfiles/Den_EN.pdf]
[cu.edu.eg/userfiles/Fvet_en.pdf]
[cu.edu.eg/userfiles/Dar_ELAlooM_En.pdf]
[cu.edu.eg/userfiles/KIND_EN.pdf]
[cu.edu.eg/userfiles/STAT_EN.pdf]
[cu.edu.eg/userfiles/ASRI_EN.pdf]
[cu.edu.eg/userfiles/NCI_en.pdf]
[cu.edu.eg/userfiles/FURP_En.pdf]
[cu.edu.eg/userfiles/edu_EN.pdf]
[cu.edu.eg/userfiles/NILES_EN.pdf]
[cu.edu.eg/QAU.html]
[cu.edu.eg/page6847.html]
[cu.edu.eg/Research_Centers.html]
[cu.edu.eg/PG_Bylaws.html]
[cu.edu.eg/R_projects.html]
[cu.edu.eg/Publications.html]
[cu.edu.eg/pagee2b9.html]
[cu.edu.eg/pagedeec.html]
[cu.edu.eg/userfiles/image/Maktba/ext3.jpg]
[cu.edu.eg/Libraries.html]
[cu.edu.eg/ar/COVID-19.html]
[cu.edu.eg/Research_Plans.html]
[cu.edu.eg/Previous_Vice_Presidents.html]
[cu.edu.eg/pagefe55.html]
[cu.edu.eg/page2e46.html]
[cu.edu.eg/theses.html]
[cu.edu.eg/pagef0f5.html]
[cu.edu.eg/pageed5b.html]
[cu.edu.eg/page268b.html]
[cu.edu.eg/Research_Awards.html]
[cu.edu.eg/page1fed.html]
[cu.edu.eg/pagee60b.html]
[cu.edu.eg/About_Community_Service.html]
[cu.edu.eg/pagedaf5.html]
[cu.edu.eg/page4948.html]
[cu.edu.eg/pageaa0a.html]
[cu.edu.eg/Centers_of_Excellence.html]
[cu.edu.eg/Units_Affairs.html]
[cu.edu.eg/SBCU.html]
[cu.edu.eg/page82f1.html]
[cu.edu.eg/userfiles/Paperless Printer, Job 6.pdf]
[cu.edu.eg/userfiles/Microsoft Word - 4_syud.pdf]
[cu.edu.eg/userfiles/Microsoft Word - 5.pdf]
[cu.edu.eg/userfiles/Microsoft Word - 2_ma7aw_omaya.pdf]
[cu.edu.eg/userfiles/Microsoft Word - 3_kawafl.pdf]
